# serializer version: 1
# name: test_quote_escape
  '''
  VALUE="{
      \"key\": \"value\",
      \"key2\": \"multi\\nline\\nvalue\"
  }"
  
  '''
# ---
